!@#$%
!@#$%^
!@#$%^&
!@#$%^&*
!boerbul
!boerseun
!gatvol
!hotnot
!kak
!koedoe
!likable
!poes
!pomp
!soutpiel
.net
0
000000
00000000
0007
007
007007
0s
0th
1
10
100
1000
1000s
100s
1022
10s
10sne1
1111
11111
111111
11111111
112233
1212
121212
1213
1214
1225
123
123123
123321
1234
12345
123456
1234567
12345678
123456789
1234567890
1234qwer
123abc
123go
123qwe
1313
131313
1316
1332
13579
1412
1430
1701d
171717
1818
181818
1911
1928
1948
1950
1952
1953
1955
1956
1960
1964
1969
1973
1975
1977
1978
1990s
1991
1996
1a2b3c
1chris
1kitty
1p2o3i
1q2w3e
1q2w3e4r
1qw23e
1st
1th
2
20
200
2000
2000s
2001
200s
2020
20s
2112
21122112
22
2200
2222
222222
2252
2kids
2nd
2th
3
30
300
300s
3010
30s
3112
3141
333
3533
369
3bears
3gpp
3rd
3th
4
40
400
400s
4055
40s
4444
45563
4788
4854
4runner
4th
5
50
500
500s
5050
50s
5121
5252
52991
53476
54321
5555
55555
56506
5683
57chevy
5fm
5th
6
60
600
600s
60s
62152
6262
6301
654321
666666
6969
696969
6th
7
70
700
700s
70s
777
7777
7777777
789456
7dwarfs
7th
8
80
800
800s
80486
80s
8675309
888888
88888888
8th
9
90
900
900s
90210
90s
911
987654321
99999999
9th
@#$%^&
a
a-levels
a12345
a1b2c3
a1b2c3d4
aa
aaa
aaaa
aaaaaa
aachen
aah
aaliyah
aalwynfleur
aandrus
aardvark
aardwolf
aardwolves
aaren
aarhus
aarika
aaron
aaronvitch
ab
aba
ababa
abacab
aback
abacus
abaft
abagael
abagail
abakhwetha
abalone
abandon
abandoned
abandoner
abandonment
abaphehli
abase
abasement
abaser
abash
abashed
abashment
abate
abated
abatement
abater
abates
abattoir
abba
abbas
abbasid
abbe
abbes
abbess
abbey
abbi
abbie
abbot
abbotsdale
abbotsford
abbotspoort
abbott
abbr
abbrev
abbreviate
abbreviated
abbreviates
abbreviating
abbreviation
abby
abbye
abbé
abbés
abc
abc123
abcd
abcd123
abcd1234
abcde
abcdef
abcdefg
abdel
abdicate
abdication
abdomen
abdominal
abdominally
abduct
abduction
abductor
abdul
abe
abeam
abed
abel
abelard
abelson
aberconwy
abercrombie
aberdeen
aberdeenshire
abernathy
aberrant
aberrantes
aberrantly
aberration
aberrational
aberystwyth
abet
abetted
abetter
abetting
abettor
abeu
abey
abeyance
abeyant
abhor
abhorred
abhorrence
abhorrent
abhorrer
abhorring
abidance
abide
abider
abiding
abidjan
abie
abigael
abigail
abigale
abilene
ability
abingdon
abject
abjection
abjectness
abjuration
abjuratory
abjure
abjurer
abkhazian
ablate
ablation
ablative
ablatively
ablaze
able
able-bodied
abler
ables
ablest
abloom
ablution
ably
abm
abnegate
abnegation
abner
abnormal
abnormality
abo
aboard
abode
abolish
abolisher
abolishment
abolition
abolitionism
abolitionist
abominable
abominably
abominate
abomination
aboriginal
aboriginals
aborigine
aborning
abort
aborter
abortion
abortionist
abortive
abortiveness
abound
abounding
about
above
aboveboard
aboveground
abra
abracadabra
abrade
abrader
abraham
abrahan
abram
abramo
abrams
abramson
abran
abrasion
abrasive
abrasively
abrasiveness
abreaction
abreast
abridge
abridged
abridgement
abridger
abridgment
abroad
abrogate
abrogation
abrogator
abrupt
abruptness
abs
absa
absalom
abscess
abscissa
abscissae
abscission
abscond
absconder
abseil
abseiler
abseiling
absence
absent
absent-minded
absent-mindedly
absent-mindedness
absentee
absenteeism
absenter
absentia
absentminded
absentmindedness
absinth
absinthe
absolut
absolute
absoluteness
absoluter
absolution
absolutism
absolutist
absolve
absolver
absorb
absorbed
absorbency
absorbent
absorber
absorbing
absorbs
absorption
absorptive
absorptivity
abstain
abstainer
abstemious
abstemiousness
abstention
abstinence
abstinent
abstract
abstracted
abstractedness
abstracter
abstraction
abstractionism
abstractionist
abstractive
abstractness
abstractor
abstruse
abstruseness
absurd
absurdist
absurdity
absurdness
abu
abuja
abundance
abundant
abusable
abuse
abused
abuser
abuses
abusing
abusive
abusiveness
abut
abutment
abutted
abutter
abutting
abuzz
abysmal
abyss
abyssal
abyssinia
abyssinian
ac
acacia
acaciaville
academe
academia
academic
academical
academicals
academician
academicianship
academy
acadia
acanthus
acapulco
acarus
acas
acc.
accede
accelerate
accelerated
acce